============================= test session starts =============================
platform win32 -- Python 3.12.6, pytest-9.0.2, pluggy-1.6.0
rootdir: C:\Users\HP\OneDrive\Desktop\MINE\8th\better-assessment\backend
plugins: anyio-4.6.0
collected 3 items

tests\test_feedback.py ..F                                               [100%]

================================== FAILURES ===================================
________________________ test_invalid_state_transition ________________________

client = <FlaskClient <Flask 'app'>>

    def test_invalid_state_transition(client):
        # Setup: Create a Declined feedback
        with client.application.app_context():
            f = Feedback(title="Test", description="Description is long enough", status=FeedbackStatus.DECLINED)
            db.session.add(f)
            db.session.commit()
            f_id = f.id
    
        # Try to move to COMPLETED (should fail based on service rules)
        response = client.patch(f'/api/feedback/{f_id}/status', json={"status": "completed"})
>       assert response.status_code == 400
E       assert 404 == 400
E        +  where 404 = <WrapperTestResponse streamed [404 NOT FOUND]>.status_code

tests\test_feedback.py:42: AssertionError
---------------------------- Captured stdout call -----------------------------
Error updating status: name 'FeedbackStatus' is not defined
============================== warnings summary ===============================
tests/test_feedback.py::test_create_feedback
  C:\Python312\Lib\site-packages\pydantic\_internal\_config.py:295: PydanticDeprecatedSince20: Support for class-based `config` is deprecated, use ConfigDict instead. Deprecated in Pydantic V2.0 to be removed in V3.0. See Pydantic V2 Migration Guide at https://errors.pydantic.dev/2.10/migration/
    warnings.warn(DEPRECATION_MESSAGE, DeprecationWarning)

tests/test_feedback.py::test_create_feedback
tests/test_feedback.py::test_create_feedback
tests/test_feedback.py::test_invalid_state_transition
tests/test_feedback.py::test_invalid_state_transition
  C:\Users\HP\AppData\Roaming\Python\Python312\site-packages\sqlalchemy\sql\schema.py:3592: DeprecationWarning: datetime.datetime.utcnow() is deprecated and scheduled for removal in a future version. Use timezone-aware objects to represent datetimes in UTC: datetime.datetime.now(datetime.UTC).
    return util.wrap_callable(lambda ctx: fn(), fn)  # type: ignore

-- Docs: https://docs.pytest.org/en/stable/how-to/capture-warnings.html
=========================== short test summary info ===========================
FAILED tests/test_feedback.py::test_invalid_state_transition - assert 404 == 400
=================== 1 failed, 2 passed, 5 warnings in 1.89s ===================
